=== Real CPB Receiver (both ends) ===
CUDA available: True
Starting real listener on ipn:268484801.12160 ... (Ctrl-C to stop)
Received bundles will be decoded for CPB on the fly.

Traceback (most recent call last):
  File "/home/nick/real_cpb_packet_test/receiver.py", line 98, in <module>
    main()
    ~~~~^^
  File "/home/nick/real_cpb_packet_test/receiver.py", line 68, in main
    proc = subprocess.Popen(
        ["bprecv", args.endpoint],
    ...<2 lines>...
        bufsize=0
    )
  File "/usr/lib/python3.14/subprocess.py", line 1039, in __init__
    self._execute_child(args, executable, preexec_fn, close_fds,
    ~~~~~~~~~~~~~~~~~~~^^^^^^^^^^^^^^^^^^^^^^^^^^^^^^^^^^^^^^^^^
                        pass_fds, cwd, env,
                        ^^^^^^^^^^^^^^^^^^^
    ...<5 lines>...
                        gid, gids, uid, umask,
                        ^^^^^^^^^^^^^^^^^^^^^^
                        start_new_session, process_group)
                        ^^^^^^^^^^^^^^^^^^^^^^^^^^^^^^^^^
  File "/usr/lib/python3.14/subprocess.py", line 1990, in _execute_child
    raise child_exception_type(errno_num, err_msg, err_filename)
FileNotFoundError: [Errno 2] No such file or directory: 'bprecv'
